
# >>>>>>>>>>>>>>>>>>>>>> ERROR REPORT <<<<<<<<<<<<<<<<<<<<<<

    Traceback (most recent call last):
      File "C:\Users\Asus\anaconda3\Lib\site-packages\conda\exception_handler.py", line 28, in __call__
        return func(*args, **kwargs)
      File "C:\Users\Asus\anaconda3\Lib\site-packages\conda\cli\main.py", line 61, in main_subshell
        exit_code = do_call(args, parser)
      File "C:\Users\Asus\anaconda3\Lib\site-packages\conda\cli\conda_argparse.py", line 206, in do_call
        result = getattr(module, func_name)(args, parser)
      File "C:\Users\Asus\anaconda3\Lib\site-packages\conda\cli\main_run.py", line 120, in execute
        print(response.stdout, file=sys.stdout)
        ~~~~~^^^^^^^^^^^^^^^^^^^^^^^^^^^^^^^^^^
      File "C:\Users\Asus\anaconda3\Lib\encodings\cp1252.py", line 19, in encode
        return codecs.charmap_encode(input,self.errors,encoding_table)[0]
               ~~~~~~~~~~~~~~~~~~~~~^^^^^^^^^^^^^^^^^^^^^^^^^^^^^^^^^^
    UnicodeEncodeError: 'charmap' codec can't encode character '\ufffd' in position 89: character maps to <undefined>

`$ C:\Users\Asus\anaconda3\Scripts\conda-script.py run -n quasar python tests/test_quasar.py`

  environment variables:
                 CIO_TEST=<not set>
    CONDA_ALLOW_SOFTLINKS=false
                CONDA_BAT=C:\Users\Asus\anaconda3\condabin\conda.bat
                CONDA_EXE=C:\Users\Asus\anaconda3\Scripts\conda.exe
               CONDA_EXES="C:\Users\Asus\anaconda3\Scripts\conda.exe"
               CONDA_ROOT=C:\Users\Asus\anaconda3
              CONDA_SHLVL=0
           CURL_CA_BUNDLE=<not set>
                 HOMEPATH=\Users\Asus
               LD_PRELOAD=<not set>
                     PATH=C:\Users\Asus\anaconda3\condabin;C:\Program
                          Files\PowerShell\7;C:\Program Files\BraveSoftware\Brave-Browser\Applic
                          ation;C:\Python313\Scripts\;C:\Python313\;C:\Windows\system32;C:\Windo
                          ws;C:\Windows\System32\Wbem;C:\Windows\System32\WindowsPowerShell\v1.0
                          \;C:\Windows\System32\OpenSSH\;C:\Program Files (x86)\NVIDIA
                          Corporation\PhysX\Common;C:\Program Files\NVIDIA Corporation\NVIDIA Nv
                          DLISR;C:\WINDOWS\system32;C:\WINDOWS;C:\WINDOWS\System32\Wbem;C:\WINDO
                          WS\System32\WindowsPowerShell\v1.0\;C:\WINDOWS\System32\OpenSSH\;C:\Pr
                          ogram Files\dotnet\;C:\Program
                          Files\nodejs\;C:\ProgramData\chocolatey\bin;C:\Program
                          Files\Git\cmd;C:\Program Files\PowerShell\7\;C:\Program
                          Files\Cloudflare\Cloudflare WARP\;C:\Users\Asus\anaconda3\envs\nraoai;
                          C:\Users\Asus\anaconda3\envs\nraoai\Library\mingw-
                          w64\bin;C:\Users\Asus\anaconda3\envs\nraoai\Library\usr\bin;C:\Users\A
                          sus\anaconda3\envs\nraoai\Library\bin;C:\Users\Asus\anaconda3\envs\nra
                          oai\Scripts;C:\Users\Asus\anaconda3\envs\nraoai\bin;C:\Users\Asus\anac
                          onda3\condabin;C:\Python313\Scripts;C:\Python313;C:\Windows\system32;C
                          :\Windows;C:\Windows\System32\Wbem;C:\Windows\System32\WindowsPowerShe
                          ll\v1.0;C:\Windows\System32\OpenSSH;C:\Program Files (x86)\NVIDIA
                          Corporation\PhysX\Common;C:\Program Files\NVIDIA Corporation\NVIDIA Nv
                          DLISR;C:\WINDOWS\system32;C:\WINDOWS;C:\WINDOWS\System32\Wbem;C:\WINDO
                          WS\System32\WindowsPowerShell\v1.0;C:\WINDOWS\System32\OpenSSH;C:\Prog
                          ram Files\dotnet;C:\Program
                          Files\nodejs;C:\ProgramData\chocolatey\bin;C:\Program Files\PowerShell
                          \7;C:\Users\Asus\AppData\Local\Microsoft\WindowsApps;C:\Users\Asus\App
                          Data\Local\Programs\Microsoft VS Code\bin;C:\Users\Asus\AppData\Roamin
                          g\npm;C:\Users\Asus\.lmstudio\bin;C:\Users\Asus\AppData\Roaming\Python
                          \Pyt;C:\Users\Asus\AppData\Local\GitHubDesktop\bin
             PSMODULEPATH=C:\Users\Asus\Documents\PowerShell\Modules;C:\Program
                          Files\PowerShell\Modules;c:\program
                          files\powershell\7\Modules;C:\Program Files\WindowsPowerShell\Modules;
                          C:\WINDOWS\system32\WindowsPowerShell\v1.0\Modules
       REQUESTS_CA_BUNDLE=<not set>
            SSL_CERT_FILE=<not set>

     active environment : None
            shell level : 0
       user config file : C:\Users\Asus\.condarc
 populated config files : C:\Users\Asus\anaconda3\.condarc
                          C:\Users\Asus\.condarc
          conda version : 25.5.1
    conda-build version : 25.5.0
         python version : 3.13.5.final.0
                 solver : libmamba (default)
       virtual packages : __archspec=1=x86_64_v3
                          __conda=25.5.1=0
                          __cuda=12.7=0
                          __win=10.0.26100=0
       base environment : C:\Users\Asus\anaconda3  (writable)
      conda av data dir : C:\Users\Asus\anaconda3\etc\conda
  conda av metadata url : None
           channel URLs : https://conda.anaconda.org/conda-forge/win-64
                          https://conda.anaconda.org/conda-forge/noarch
                          https://repo.anaconda.com/pkgs/main/win-64
                          https://repo.anaconda.com/pkgs/main/noarch
                          https://repo.anaconda.com/pkgs/r/win-64
                          https://repo.anaconda.com/pkgs/r/noarch
                          https://repo.anaconda.com/pkgs/msys2/win-64
                          https://repo.anaconda.com/pkgs/msys2/noarch
          package cache : C:\Users\Asus\anaconda3\pkgs
                          C:\Users\Asus\.conda\pkgs
                          C:\Users\Asus\AppData\Local\conda\conda\pkgs
       envs directories : C:\Users\Asus\anaconda3\envs
                          C:\Users\Asus\.conda\envs
                          C:\Users\Asus\AppData\Local\conda\conda\envs
               platform : win-64
             user-agent : conda/25.5.1 requests/2.32.5 CPython/3.13.5 Windows/11 Windows/10.0.26100 solver/libmamba conda-libmamba-solver/25.4.0 libmambapy/2.0.5
          administrator : False
             netrc file : None
           offline mode : False


An unexpected error has occurred. Conda has prepared the above report.
If you suspect this error is being caused by a malfunctioning plugin,
consider using the --no-plugins option to turn off plugins.

Example: conda --no-plugins install <package>

Alternatively, you can set the CONDA_NO_PLUGINS environment variable on
the command line to run the command without plugins enabled.

Example: CONDA_NO_PLUGINS=true conda install <package>

If submitted, this report will be used by core maintainers to improve
future releases of conda.
